// Vitest Snapshot v1, https://vitest.dev/guide/snapshot.html

exports[`Praxis widget message theme > keeps the conversation and composer in the Praxis mobile layout 1`] = `
"<div class="flex flex-col flex-1 overflow-hidden rounded-b-lg bg-[#efeae2] dark:bg-[#0b141a]">
  <div class="flex flex-1 overflow-auto">
    <conversation-wrap-stub groupedmessages=""></conversation-wrap-stub>
  </div>
  <chat-footer-stub class="px-3 pb-2"></chat-footer-stub>
</div>"
`;
